../Core/Src/main.c:89:6:select_ADC_channel2	24	static
../Core/Src/main.c:109:6:select_ADC_channel3	24	static
../Core/Src/main.c:131:6:select_channel4	24	static
../Core/Src/main.c:142:6:select_channel5	24	static
../Core/Src/main.c:164:6:set_servo_angle	24	static
../Core/Src/main.c:180:6:adjust_tilt	40	static
../Core/Src/main.c:206:5:main	56	static
../Core/Src/main.c:343:6:SystemClock_Config	88	static
../Core/Src/main.c:385:13:MX_ADC1_Init	24	static
../Core/Src/main.c:464:13:MX_I2C1_Init	8	static
../Core/Src/main.c:498:13:MX_TIM1_Init	96	static
../Core/Src/main.c:573:13:MX_GPIO_Init	24	static
../Core/Src/main.c:595:6:Error_Handler	4	static,ignoring_inline_asm
